---
source: crates/python_parser/src/string.rs
expression: parse_ast
---
[
    Expr(
        ExprStmt {
            range: 0..7,
            value: FString(
                FStringExpr {
                    range: 0..7,
                    value: FStringValue {
                        inner: Single(
                            FString(
                                FString {
                                    range: 0..7,
                                    elements: [
                                        Expression(
                                            FStringExpressionElement {
                                                range: 3..6,
                                                expression: Name(
                                                    NameExpr {
                                                        range: 4..5,
                                                        id: "x",
                                                        ctx: Load,
                                                    },
                                                ),
                                                debug_text: None,
                                                conversion: None,
                                                format_spec: None,
                                            },
                                        ),
                                    ],
                                },
                            ),
                        ),
                    },
                },
            ),
        },
    ),
]
