---
source: crates/python_parser/src/string.rs
expression: parse_ast
---
[
    Expr(
        ExprStmt {
            range: 0..9,
            value: FString(
                FStringExpr {
                    range: 0..9,
                    value: FStringValue {
                        inner: Single(
                            FString(
                                FString {
                                    range: 0..9,
                                    elements: [
                                        Literal(
                                            FStringLiteralElement {
                                                range: 3..5,
                                                value: "\\\n",
                                            },
                                        ),
                                        Expression(
                                            FStringExpressionElement {
                                                range: 5..8,
                                                expression: Name(
                                                    NameExpr {
                                                        range: 6..7,
                                                        id: "x",
                                                        ctx: Load,
                                                    },
                                                ),
                                                debug_text: None,
                                                conversion: None,
                                                format_spec: None,
                                            },
                                        ),
                                    ],
                                },
                            ),
                        ),
                    },
                },
            ),
        },
    ),
]
