---
source: crates/python_parser/src/string.rs
expression: parse_ast
---
[
    Expr(
        ExprStmt {
            range: 0..13,
            value: BytesLiteral(
                BytesLiteralExpr {
                    range: 0..13,
                    value: BytesLiteralValue {
                        inner: Single(
                            BytesLiteral {
                                range: 0..13,
                                value: [
                                    111,
                                    109,
                                    107,
                                    109,
                                    111,
                                    107,
                                    92,
                                    88,
                                    97,
                                    97,
                                ],
                            },
                        ),
                    },
                },
            ),
        },
    ),
]
