---
source: crates/python_parser/src/string.rs
expression: parse_ast
---
[
    Expr(
        ExprStmt {
            range: 0..15,
            value: FString(
                FStringExpr {
                    range: 0..15,
                    value: FStringValue {
                        inner: Single(
                            FString(
                                FString {
                                    range: 0..15,
                                    elements: [
                                        Expression(
                                            FStringExpressionElement {
                                                range: 2..14,
                                                expression: Name(
                                                    NameExpr {
                                                        range: 3..6,
                                                        id: "foo",
                                                        ctx: Load,
                                                    },
                                                ),
                                                debug_text: None,
                                                conversion: None,
                                                format_spec: Some(
                                                    FStringFormatSpec {
                                                        range: 7..13,
                                                        elements: [
                                                            Expression(
                                                                FStringExpressionElement {
                                                                    range: 7..13,
                                                                    expression: Name(
                                                                        NameExpr {
                                                                            range: 8..12,
                                                                            id: "spec",
                                                                            ctx: Load,
                                                                        },
                                                                    ),
                                                                    debug_text: None,
                                                                    conversion: None,
                                                                    format_spec: None,
                                                                },
                                                            ),
                                                        ],
                                                    },
                                                ),
                                            },
                                        ),
                                    ],
                                },
                            ),
                        ),
                    },
                },
            ),
        },
    ),
]
