---
source: crates/python_parser/src/string.rs
expression: parse_ast
---
[
    Expr(
        ExprStmt {
            range: 0..21,
            value: StringLiteral(
                StringLiteralExpr {
                    range: 0..21,
                    value: StringLiteralValue {
                        inner: Single(
                            StringLiteral {
                                range: 0..21,
                                value: "\r",
                                unicode: false,
                            },
                        ),
                    },
                },
            ),
        },
    ),
]
