---
source: crates/python_parser/src/lexer.rs
expression: lex_source(&source)
---
[
    (
        Int {
            value: 99232,
        },
        0..5,
    ),
    (
        Comment(
            "#  ",
        ),
        7..10,
    ),
    (
        Newline,
        10..10,
    ),
]
