---
source: src/lexer/mod.rs
expression: "LexerDebug::new(&lexer, source)"
---
[
    "f\"" FStringStart 0..2,
    "{" OpenBrace 2..3,
    "x" Id 3..4,
    "!" Exclamation 4..5,
    "s" Id 5..6,
    "}" CloseBrace 6..7,
    " " FStringMiddle { is_raw: false } 7..8,
    "{" OpenBrace 8..9,
    "x" Id 9..10,
    "=" Operator(Assign) 10..11,
    "!" Exclamation 11..12,
    "r" Id 12..13,
    "}" CloseBrace 13..14,
    " " FStringMiddle { is_raw: false } 14..15,
    "{" OpenBrace 15..16,
    "x" Id 16..17,
    ":" Colon 17..18,
    ".3f!r" FStringMiddle { is_raw: false } 18..23,
    "}" CloseBrace 23..24,
    " {{x!r}}" FStringMiddle { is_raw: false } 24..32,
    "\"" FStringEnd 32..33,
    "" NewLine 33..33,
]
