---
source: src/lexer/mod.rs
expression: "LexerDebug::new(&lexer, source)"
---
[
    "f\"" FStringStart 0..2,
    "\\" FStringMiddle { is_raw: false } 2..3,
    "{" OpenBrace 3..4,
    "x" Id 4..5,
    ":" Colon 5..6,
    "\\\"\\" FStringMiddle { is_raw: false } 6..9,
    "{" OpenBrace 9..10,
    "x" Id 10..11,
    "}" CloseBrace 11..12,
    "}" CloseBrace 12..13,
    " \\\"\\\"\\\n end" FStringMiddle { is_raw: false } 13..24,
    "\"" FStringEnd 24..25,
    "" NewLine 25..25,
]
