---
source: src/lexer/mod.rs
expression: "LexerDebug::new(&lexer, source)"
---
[
    "f\"" FStringStart 0..2,
    "normal " FStringMiddle { is_raw: false } 2..9,
    "{" OpenBrace 9..10,
    "foo" Id 10..13,
    "}" CloseBrace 13..14,
    " {{another}} " FStringMiddle { is_raw: false } 14..27,
    "{" OpenBrace 27..28,
    "bar" Id 28..31,
    "}" CloseBrace 31..32,
    " {{" FStringMiddle { is_raw: false } 32..35,
    "{" OpenBrace 35..36,
    "three" Id 36..41,
    "}" CloseBrace 41..42,
    "}}" FStringMiddle { is_raw: false } 42..44,
    "\"" FStringEnd 44..45,
    "" NewLine 45..45,
]
