---
source: src/lexer/mod.rs
expression: "LexerDebug::new(&lexer, &source)"
---
[
    "\"\"\"\n test string\n \"\"\"" String { kind: String, is_triple_quote: true } 0..21,
    "" NewLine 21..21,
]
