---
source: src/lexer/mod.rs
expression: "LexerDebug::new(&lexer, source)"
---
[
    "f\"" FStringStart 0..2,
    "\"" FStringEnd 2..3,
    "\"\"" String { kind: String, is_triple_quote: false } 4..6,
    "F\"" FStringStart 7..9,
    "\"" FStringEnd 9..10,
    "f'" FStringStart 11..13,
    "'" FStringEnd 13..14,
    "''" String { kind: String, is_triple_quote: false } 15..17,
    "f\"\"\"" FStringStart 18..22,
    "\"\"\"" FStringEnd 22..25,
    "f'''" FStringStart 26..30,
    "'''" FStringEnd 30..33,
    "" NewLine 33..33,
]
