---
source: src/lexer/mod.rs
expression: "LexerDebug::new(&lexer, source)"
---
[
    "f\"\"\"" FStringStart 0..4,
    "\n# not a comment " FStringMiddle { is_raw: false } 4..21,
    "{" OpenBrace 21..22,
    "# comment {" Comment 23..34,
    "\n" NonLogicalNewline 34..35,
    "x" Id 39..40,
    "\n" NonLogicalNewline 40..41,
    "}" CloseBrace 41..42,
    " # not a comment\n" FStringMiddle { is_raw: false } 42..59,
    "\"\"\"" FStringEnd 59..62,
    "" NewLine 62..62,
]
