---
source: src/lexer/mod.rs
expression: "LexerDebug::new(&lexer, source)"
---
[
    "rf\"" FStringStart 0..3,
    "\\" FStringMiddle { is_raw: true } 3..4,
    "{" OpenBrace 4..5,
    "x" Id 5..6,
    ":" Colon 6..7,
    "\\\"\\" FStringMiddle { is_raw: true } 7..10,
    "{" OpenBrace 10..11,
    "x" Id 11..12,
    "}" CloseBrace 12..13,
    "}" CloseBrace 13..14,
    " \\\"\\\"\\\n end" FStringMiddle { is_raw: true } 14..25,
    "\"" FStringEnd 25..26,
    "" NewLine 26..26,
]
