---
source: src/lexer/mod.rs
expression: lexer.debug()
---
[
    "123" Number(Decimal) 0..3,
    "# Foo" Comment 5..10,
    "\r" NewLine 10..11,
    "456" Number(Decimal) 11..14,
    "" NewLine 14..14,
]
