---
source: crates/python_parser/src/parser/tests/suite.rs
expression: parse_ast
---
(
    [],
    [],
)
