---
source: crates/python_parser/tests/fixtures.rs
input_file: crates/python_parser/resources/inline/err/global_stmt_empty.py
---
## AST

```
Module(
    ModModule {
        range: 0..7,
        body: [
            Global(
                GlobalStmt {
                    range: 0..6,
                    names: [],
                },
            ),
        ],
    },
)
```
## Errors

  |
1 | global
  |       ^ Syntax Error: Global statement must have at least one name
  |
